Archive member included to satisfy reference by file (symbol)

/opt/st/stm32cubeide_1.15.1/plugins/com.st.stm32cube.ide.mcu.externaltools.gnu-tools-for-stm32.12.3.rel1.linux64_1.0.100.202403111256/tools/bin/../lib/gcc/arm-none-eabi/12.3.1/../../../../arm-none-eabi/lib/thumb/v7e-m+fp/hard/libc_nano.a(libc_a-exit.o)
                              /opt/st/stm32cubeide_1.15.1/plugins/com.st.stm32cube.ide.mcu.externaltools.gnu-tools-for-stm32.12.3.rel1.linux64_1.0.100.202403111256/tools/bin/../lib/gcc/arm-none-eabi/12.3.1/../../../../arm-none-eabi/lib/thumb/v7e-m+fp/hard/crt0.o (exit)
/opt/st/stm32cubeide_1.15.1/plugins/com.st.stm32cube.ide.mcu.externaltools.gnu-tools-for-stm32.12.3.rel1.linux64_1.0.100.202403111256/tools/bin/../lib/gcc/arm-none-eabi/12.3.1/../../../../arm-none-eabi/lib/thumb/v7e-m+fp/hard/libc_nano.a(libc_a-findfp.o)
                              /opt/st/stm32cubeide_1.15.1/plugins/com.st.stm32cube.ide.mcu.externaltools.gnu-tools-for-stm32.12.3.rel1.linux64_1.0.100.202403111256/tools/bin/../lib/gcc/arm-none-eabi/12.3.1/../../../../arm-none-eabi/lib/thumb/v7e-m+fp/hard/libc_nano.a(libc_a-exit.o) (__stdio_exit_handler)
/opt/st/stm32cubeide_1.15.1/plugins/com.st.stm32cube.ide.mcu.externaltools.gnu-tools-for-stm32.12.3.rel1.linux64_1.0.100.202403111256/tools/bin/../lib/gcc/arm-none-eabi/12.3.1/../../../../arm-none-eabi/lib/thumb/v7e-m+fp/hard/libc_nano.a(libc_a-fwalk.o)
                              /opt/st/stm32cubeide_1.15.1/plugins/com.st.stm32cube.ide.mcu.externaltools.gnu-tools-for-stm32.12.3.rel1.linux64_1.0.100.202403111256/tools/bin/../lib/gcc/arm-none-eabi/12.3.1/../../../../arm-none-eabi/lib/thumb/v7e-m+fp/hard/libc_nano.a(libc_a-findfp.o) (_fwalk_sglue)
/opt/st/stm32cubeide_1.15.1/plugins/com.st.stm32cube.ide.mcu.externaltools.gnu-tools-for-stm32.12.3.rel1.linux64_1.0.100.202403111256/tools/bin/../lib/gcc/arm-none-eabi/12.3.1/../../../../arm-none-eabi/lib/thumb/v7e-m+fp/hard/libc_nano.a(libc_a-stdio.o)
                              /opt/st/stm32cubeide_1.15.1/plugins/com.st.stm32cube.ide.mcu.externaltools.gnu-tools-for-stm32.12.3.rel1.linux64_1.0.100.202403111256/tools/bin/../lib/gcc/arm-none-eabi/12.3.1/../../../../arm-none-eabi/lib/thumb/v7e-m+fp/hard/libc_nano.a(libc_a-findfp.o) (__sread)
/opt/st/stm32cubeide_1.15.1/plugins/com.st.stm32cube.ide.mcu.externaltools.gnu-tools-for-stm32.12.3.rel1.linux64_1.0.100.202403111256/tools/bin/../lib/gcc/arm-none-eabi/12.3.1/../../../../arm-none-eabi/lib/thumb/v7e-m+fp/hard/libc_nano.a(libc_a-memset.o)
                              /opt/st/stm32cubeide_1.15.1/plugins/com.st.stm32cube.ide.mcu.externaltools.gnu-tools-for-stm32.12.3.rel1.linux64_1.0.100.202403111256/tools/bin/../lib/gcc/arm-none-eabi/12.3.1/../../../../arm-none-eabi/lib/thumb/v7e-m+fp/hard/crt0.o (memset)
/opt/st/stm32cubeide_1.15.1/plugins/com.st.stm32cube.ide.mcu.externaltools.gnu-tools-for-stm32.12.3.rel1.linux64_1.0.100.202403111256/tools/bin/../lib/gcc/arm-none-eabi/12.3.1/../../../../arm-none-eabi/lib/thumb/v7e-m+fp/hard/libc_nano.a(libc_a-closer.o)
                              /opt/st/stm32cubeide_1.15.1/plugins/com.st.stm32cube.ide.mcu.externaltools.gnu-tools-for-stm32.12.3.rel1.linux64_1.0.100.202403111256/tools/bin/../lib/gcc/arm-none-eabi/12.3.1/../../../../arm-none-eabi/lib/thumb/v7e-m+fp/hard/libc_nano.a(libc_a-stdio.o) (_close_r)
/opt/st/stm32cubeide_1.15.1/plugins/com.st.stm32cube.ide.mcu.externaltools.gnu-tools-for-stm32.12.3.rel1.linux64_1.0.100.202403111256/tools/bin/../lib/gcc/arm-none-eabi/12.3.1/../../../../arm-none-eabi/lib/thumb/v7e-m+fp/hard/libc_nano.a(libc_a-reent.o)
                              /opt/st/stm32cubeide_1.15.1/plugins/com.st.stm32cube.ide.mcu.externaltools.gnu-tools-for-stm32.12.3.rel1.linux64_1.0.100.202403111256/tools/bin/../lib/gcc/arm-none-eabi/12.3.1/../../../../arm-none-eabi/lib/thumb/v7e-m+fp/hard/libc_nano.a(libc_a-closer.o) (errno)
/opt/st/stm32cubeide_1.15.1/plugins/com.st.stm32cube.ide.mcu.externaltools.gnu-tools-for-stm32.12.3.rel1.linux64_1.0.100.202403111256/tools/bin/../lib/gcc/arm-none-eabi/12.3.1/../../../../arm-none-eabi/lib/thumb/v7e-m+fp/hard/libc_nano.a(libc_a-impure.o)
                              /opt/st/stm32cubeide_1.15.1/plugins/com.st.stm32cube.ide.mcu.externaltools.gnu-tools-for-stm32.12.3.rel1.linux64_1.0.100.202403111256/tools/bin/../lib/gcc/arm-none-eabi/12.3.1/../../../../arm-none-eabi/lib/thumb/v7e-m+fp/hard/libc_nano.a(libc_a-reent.o) (_impure_ptr)
/opt/st/stm32cubeide_1.15.1/plugins/com.st.stm32cube.ide.mcu.externaltools.gnu-tools-for-stm32.12.3.rel1.linux64_1.0.100.202403111256/tools/bin/../lib/gcc/arm-none-eabi/12.3.1/../../../../arm-none-eabi/lib/thumb/v7e-m+fp/hard/libc_nano.a(libc_a-lseekr.o)
                              /opt/st/stm32cubeide_1.15.1/plugins/com.st.stm32cube.ide.mcu.externaltools.gnu-tools-for-stm32.12.3.rel1.linux64_1.0.100.202403111256/tools/bin/../lib/gcc/arm-none-eabi/12.3.1/../../../../arm-none-eabi/lib/thumb/v7e-m+fp/hard/libc_nano.a(libc_a-stdio.o) (_lseek_r)
[...]
Memory Configuration

Name             Origin             Length             Attributes
RAM              0x20000000         0x00020000         xrw
FLASH            0x08000000         0x00080000         xr
*default*        0x00000000         0xffffffff

Linker script and memory map

LOAD /opt/st/stm32cubeide_1.15.1/plugins/com.st.stm32cube.ide.mcu.externaltools.gnu-tools-for-stm32.12.3.rel1.linux64_1.0.100.202403111256/tools/bin/../lib/gcc/arm-none-eabi/12.3.1/thumb/v7e-m+fp/hard/crti.o
LOAD /opt/st/stm32cubeide_1.15.1/plugins/com.st.stm32cube.ide.mcu.externaltools.gnu-tools-for-stm32.12.3.rel1.linux64_1.0.100.202403111256/tools/bin/../lib/gcc/arm-none-eabi/12.3.1/thumb/v7e-m+fp/hard/crtbegin.o
LOAD /opt/st/stm32cubeide_1.15.1/plugins/com.st.stm32cube.ide.mcu.externaltools.gnu-tools-for-stm32.12.3.rel1.linux64_1.0.100.202403111256/tools/bin/../lib/gcc/arm-none-eabi/12.3.1/../../../../arm-none-eabi/lib/thumb/v7e-m+fp/hard/crt0.o
LOAD ./Src/008_spi_cmd_handling.o
LOAD ./Src/syscalls.o
LOAD ./Src/sysmem.o
LOAD ./Startup/startup_stm32f411ceux.o
LOAD ./drivers/src/stm32f411ceu6_gpio_driver.o
LOAD ./drivers/src/stm32f411ceu6_spi_driver.o
START GROUP
LOAD /opt/st/stm32cubeide_1.15.1/plugins/com.st.stm32cube.ide.mcu.externaltools.gnu-tools-for-stm32.12.3.rel1.linux64_1.0.100.202403111256/tools/bin/../lib/gcc/arm-none-eabi/12.3.1/../../../../arm-none-eabi/lib/thumb/v7e-m+fp/hard/libc_nano.a
LOAD /opt/st/stm32cubeide_1.15.1/plugins/com.st.stm32cube.ide.mcu.externaltools.gnu-tools-for-stm32.12.3.rel1.linux64_1.0.100.202403111256/tools/bin/../lib/gcc/arm-none-eabi/12.3.1/../../../../arm-none-eabi/lib/thumb/v7e-m+fp/hard/libm.a
END GROUP
START GROUP
LOAD /opt/st/stm32cubeide_1.15.1/plugins/com.st.stm32cube.ide.mcu.externaltools.gnu-tools-for-stm32.12.3.rel1.linux64_1.0.100.202403111256/tools/bin/../lib/gcc/arm-none-eabi/12.3.1/thumb/v7e-m+fp/hard/libgcc.a
LOAD /opt/st/stm32cubeide_1.15.1/plugins/com.st.stm32cube.ide.mcu.externaltools.gnu-tools-for-stm32.12.3.rel1.linux64_1.0.100.202403111256/tools/bin/../lib/gcc/arm-none-eabi/12.3.1/../../../../arm-none-eabi/lib/thumb/v7e-m+fp/hard/libc_nano.a
END GROUP
START GROUP
LOAD /opt/st/stm32cubeide_1.15.1/plugins/com.st.stm32cube.ide.mcu.externaltools.gnu-tools-for-stm32.12.3.rel1.linux64_1.0.100.202403111256/tools/bin/../lib/gcc/arm-none-eabi/12.3.1/thumb/v7e-m+fp/hard/libgcc.a
LOAD /opt/st/stm32cubeide_1.15.1/plugins/com.st.stm32cube.ide.mcu.externaltools.gnu-tools-for-stm32.12.3.rel1.linux64_1.0.100.202403111256/tools/bin/../lib/gcc/arm-none-eabi/12.3.1/../../../../arm-none-eabi/lib/thumb/v7e-m+fp/hard/libc_nano.a
LOAD /opt/st/stm32cubeide_1.15.1/plugins/com.st.stm32cube.ide.mcu.externaltools.gnu-tools-for-stm32.12.3.rel1.linux64_1.0.100.202403111256/tools/bin/../lib/gcc/arm-none-eabi/12.3.1/../../../../arm-none-eabi/lib/thumb/v7e-m+fp/hard/libnosys.a
END GROUP
START GROUP
LOAD /opt/st/stm32cubeide_1.15.1/plugins/com.st.stm32cube.ide.mcu.externaltools.gnu-tools-for-stm32.12.3.rel1.linux64_1.0.100.202403111256/tools/bin/../lib/gcc/arm-none-eabi/12.3.1/thumb/v7e-m+fp/hard/libgcc.a
LOAD /opt/st/stm32cubeide_1.15.1/plugins/com.st.stm32cube.ide.mcu.externaltools.gnu-tools-for-stm32.12.3.rel1.linux64_1.0.100.202403111256/tools/bin/../lib/gcc/arm-none-eabi/12.3.1/../../../../arm-none-eabi/lib/thumb/v7e-m+fp/hard/libc_nano.a
LOAD /opt/st/stm32cubeide_1.15.1/plugins/com.st.stm32cube.ide.mcu.externaltools.gnu-tools-for-stm32.12.3.rel1.linux64_1.0.100.202403111256/tools/bin/../lib/gcc/arm-none-eabi/12.3.1/../../../../arm-none-eabi/lib/thumb/v7e-m+fp/hard/libnosys.a
END GROUP
LOAD /opt/st/stm32cubeide_1.15.1/plugins/com.st.stm32cube.ide.mcu.externaltools.gnu-tools-for-stm32.12.3.rel1.linux64_1.0.100.202403111256/tools/bin/../lib/gcc/arm-none-eabi/12.3.1/thumb/v7e-m+fp/hard/crtend.o
LOAD /opt/st/stm32cubeide_1.15.1/plugins/com.st.stm32cube.ide.mcu.externaltools.gnu-tools-for-stm32.12.3.rel1.linux64_1.0.100.202403111256/tools/bin/../lib/gcc/arm-none-eabi/12.3.1/thumb/v7e-m+fp/hard/crtn.o
                0x20020000                        _estack = (ORIGIN (RAM) + LENGTH (RAM))
                0x00000200                        _Min_Heap_Size = 0x200
                0x00000400                        _Min_Stack_Size = 0x400

.isr_vector     0x08000000      0x198
                0x08000000                        . = ALIGN (0x4)
 *(.isr_vector)
 .isr_vector    0x08000000      0x198 ./Startup/startup_stm32f411ceux.o
                0x08000000                g_pfnVectors
                0x08000198                        . = ALIGN (0x4)

.text           0x08000198      0xa20
                0x08000198                        . = ALIGN (0x4)
 *(.text)
 .text          0x08000198       0x40 /opt/st/stm32cubeide_1.15.1/plugins/com.st.stm32cube.ide.mcu.externaltools.gnu-tools-for-stm32.12.3.rel1.linux64_1.0.100.202403111256/tools/bin/../lib/gcc/arm-none-eabi/12.3.1/thumb/v7e-m+fp/hard/crtbegin.o
 *(.text*)
 .text.delay    0x080001d8       0x2c ./Src/008_spi_cmd_handling.o
                0x080001d8                delay
 .text.SPI2_GPIOInits
                0x08000204       0x5c ./Src/008_spi_cmd_handling.o
                0x08000204                SPI2_GPIOInits
 .text.SPI2_Inits
                0x08000260       0x3c ./Src/008_spi_cmd_handling.o
                0x08000260                SPI2_Inits
 .text.SPI_VerifyResponse
                0x0800029c       0x22 ./Src/008_spi_cmd_handling.o
                0x0800029c                SPI_VerifyResponse
 *fill*         0x080002be        0x2 
 .text.main     0x080002c0       0xb0 ./Src/008_spi_cmd_handling.o
                0x080002c0                main
 .text.Reset_Handler
                0x08000370       0x50 ./Startup/startup_stm32f411ceux.o
                0x08000370                Reset_Handler
 .text.Default_Handler
                0x080003c0        0x2 ./Startup/startup_stm32f411ceux.o
                0x080003c0                RTC_Alarm_IRQHandler
                0x080003c0                EXTI2_IRQHandler
                0x080003c0                DebugMon_Handler
                0x080003c0                SPI4_IRQHandler
                0x080003c0                TIM1_CC_IRQHandler
                0x080003c0                DMA2_Stream5_IRQHandler
                0x080003c0                HardFault_Handler
                0x080003c0                DMA1_Stream5_IRQHandler
                0x080003c0                SysTick_Handler
                0x080003c0                PVD_IRQHandler
                0x080003c0                SDIO_IRQHandler
                0x080003c0                TAMP_STAMP_IRQHandler
                0x080003c0                PendSV_Handler
                0x080003c0                NMI_Handler
                0x080003c0                EXTI3_IRQHandler
                0x080003c0                TIM1_UP_TIM10_IRQHandler
                0x080003c0                I2C3_ER_IRQHandler
                0x080003c0                EXTI0_IRQHandler
                0x080003c0                I2C2_EV_IRQHandler
                0x080003c0                DMA1_Stream2_IRQHandler
                0x080003c0                UsageFault_Handler
                0x080003c0                DMA2_Stream2_IRQHandler
                0x080003c0                SPI1_IRQHandler
                0x080003c0                TIM1_BRK_TIM9_IRQHandler
                0x080003c0                DMA2_Stream3_IRQHandler
                0x080003c0                USART6_IRQHandler
                0x080003c0                DMA2_Stream0_IRQHandler
                0x080003c0                TIM4_IRQHandler
                0x080003c0                I2C1_EV_IRQHandler
                0x080003c0                DMA1_Stream6_IRQHandler
                0x080003c0                DMA1_Stream1_IRQHandler
                0x080003c0                TIM3_IRQHandler
                0x080003c0                RCC_IRQHandler
                0x080003c0                Default_Handler
                0x080003c0                EXTI15_10_IRQHandler
                0x080003c0                ADC_IRQHandler
                0x080003c0                DMA1_Stream7_IRQHandler
                0x080003c0                SPI5_IRQHandler
                0x080003c0                TIM5_IRQHandler
                0x080003c0                DMA2_Stream7_IRQHandler
                0x080003c0                I2C3_EV_IRQHandler
                0x080003c0                EXTI9_5_IRQHandler
                0x080003c0                RTC_WKUP_IRQHandler
                0x080003c0                SPI2_IRQHandler
                0x080003c0                MemManage_Handler
                0x080003c0                DMA1_Stream0_IRQHandler
                0x080003c0                SVC_Handler
                0x080003c0                EXTI4_IRQHandler
                0x080003c0                WWDG_IRQHandler
                0x080003c0                TIM2_IRQHandler
                0x080003c0                OTG_FS_WKUP_IRQHandler
                0x080003c0                TIM1_TRG_COM_TIM11_IRQHandler
                0x080003c0                EXTI1_IRQHandler
                0x080003c0                USART2_IRQHandler
                0x080003c0                I2C2_ER_IRQHandler
                0x080003c0                DMA2_Stream1_IRQHandler
                0x080003c0                FLASH_IRQHandler
                0x080003c0                DMA2_Stream4_IRQHandler
                0x080003c0                BusFault_Handler
                0x080003c0                USART1_IRQHandler
                0x080003c0                OTG_FS_IRQHandler
                0x080003c0                SPI3_IRQHandler
                0x080003c0                DMA1_Stream4_IRQHandler
                0x080003c0                I2C1_ER_IRQHandler
                0x080003c0                DMA2_Stream6_IRQHandler
                0x080003c0                DMA1_Stream3_IRQHandler
 *fill*         0x080003c2        0x2 
 .text.GPIO_PeriClockControl
                0x080003c4      0x140 ./drivers/src/stm32f411ceu6_gpio_driver.o
                0x080003c4                GPIO_PeriClockControl
 .text.GPIO_Init
                0x08000504      0x2f8 ./drivers/src/stm32f411ceu6_gpio_driver.o
                0x08000504                GPIO_Init
 .text.GPIO_ReadFromInputPin
                0x080007fc       0x2c ./drivers/src/stm32f411ceu6_gpio_driver.o
                0x080007fc                GPIO_ReadFromInputPin
 .text.SPI_PeriClockControl
                0x08000828      0x110 ./drivers/src/stm32f411ceu6_spi_driver.o
                0x08000828                SPI_PeriClockControl
 .text.SPI_PeripheralControl
                0x08000938       0x38 ./drivers/src/stm32f411ceu6_spi_driver.o
                0x08000938                SPI_PeripheralControl
 .text.SPI_SSOE_Config
                0x08000970       0x38 ./drivers/src/stm32f411ceu6_spi_driver.o
                0x08000970                SPI_SSOE_Config
 .text.SPI_Init
                0x080009a8       0xac ./drivers/src/stm32f411ceu6_spi_driver.o
                0x080009a8                SPI_Init
 .text.SPI_GetFlagSTatus
                0x08000a54       0x28 ./drivers/src/stm32f411ceu6_spi_driver.o
                0x08000a54                SPI_GetFlagSTatus
 .text.SPI_SendData
                0x08000a7c       0x6e ./drivers/src/stm32f411ceu6_spi_driver.o
                0x08000a7c                SPI_SendData
 .text.SPI_RecieveData
                0x08000aea       0x6e ./drivers/src/stm32f411ceu6_spi_driver.o
                0x08000aea                SPI_RecieveData
 .text.__libc_init_array
                0x08000b58       0x48 /opt/st/stm32cubeide_1.15.1/plugins/com.st.stm32cube.ide.mcu.externaltools.gnu-tools-for-stm32.12.3.rel1.linux64_1.0.100.202403111256/tools/bin/../lib/gcc/arm-none-eabi/12.3.1/../../../../arm-none-eabi/lib/thumb/v7e-m+fp/hard/libc_nano.a(libc_a-init.o)
                0x08000b58                __libc_init_array
 *(.glue_7)
 .glue_7        0x08000ba0        0x0 linker stubs
 *(.glue_7t)
 .glue_7t       0x08000ba0        0x0 linker stubs
 *(.eh_frame)
 .eh_frame      0x08000ba0        0x0 /opt/st/stm32cubeide_1.15.1/plugins/com.st.stm32cube.ide.mcu.externaltools.gnu-tools-for-stm32.12.3.rel1.linux64_1.0.100.202403111256/tools/bin/../lib/gcc/arm-none-eabi/12.3.1/thumb/v7e-m+fp/hard/crtbegin.o
 *(.init)
 .init          0x08000ba0        0x4 /opt/st/stm32cubeide_1.15.1/plugins/com.st.stm32cube.ide.mcu.externaltools.gnu-tools-for-stm32.12.3.rel1.linux64_1.0.100.202403111256/tools/bin/../lib/gcc/arm-none-eabi/12.3.1/thumb/v7e-m+fp/hard/crti.o
                0x08000ba0                _init
 .init          0x08000ba4        0x8 /opt/st/stm32cubeide_1.15.1/plugins/com.st.stm32cube.ide.mcu.externaltools.gnu-tools-for-stm32.12.3.rel1.linux64_1.0.100.202403111256/tools/bin/../lib/gcc/arm-none-eabi/12.3.1/thumb/v7e-m+fp/hard/crtn.o
 *(.fini)
 .fini          0x08000bac        0x4 /opt/st/stm32cubeide_1.15.1/plugins/com.st.stm32cube.ide.mcu.externaltools.gnu-tools-for-stm32.12.3.rel1.linux64_1.0.100.202403111256/tools/bin/../lib/gcc/arm-none-eabi/12.3.1/thumb/v7e-m+fp/hard/crti.o
                0x08000bac                _fini
 .fini          0x08000bb0        0x8 /opt/st/stm32cubeide_1.15.1/plugins/com.st.stm32cube.ide.mcu.externaltools.gnu-tools-for-stm32.12.3.rel1.linux64_1.0.100.202403111256/tools/bin/../lib/gcc/arm-none-eabi/12.3.1/thumb/v7e-m+fp/hard/crtn.o
                0x08000bb8                        . = ALIGN (0x4)
                0x08000bb8                        _etext = .

.vfp11_veneer   0x08000bb8        0x0
 .vfp11_veneer  0x08000bb8        0x0 linker stubs

.v4_bx          0x08000bb8        0x0
 .v4_bx         0x08000bb8        0x0 linker stubs

.iplt           0x08000bb8        0x0
 .iplt          0x08000bb8        0x0 /opt/st/stm32cubeide_1.15.1/plugins/com.st.stm32cube.ide.mcu.externaltools.gnu-tools-for-stm32.12.3.rel1.linux64_1.0.100.202403111256/tools/bin/../lib/gcc/arm-none-eabi/12.3.1/thumb/v7e-m+fp/hard/crtbegin.o

.rodata         0x08000bb8        0x0
                0x08000bb8                        . = ALIGN (0x4)
 *(.rodata)
 *(.rodata*)
                0x08000bb8                        . = ALIGN (0x4)

.ARM.extab      0x08000bb8        0x0
                0x08000bb8                        . = ALIGN (0x4)
 *(.ARM.extab* .gnu.linkonce.armextab.*)
                0x08000bb8                        . = ALIGN (0x4)

.ARM            0x08000bb8        0x0
                0x08000bb8                        . = ALIGN (0x4)
                0x08000bb8                        __exidx_start = .
 *(.ARM.exidx*)
                0x08000bb8                        __exidx_end = .
                0x08000bb8                        . = ALIGN (0x4)

.preinit_array  0x08000bb8        0x0
                0x08000bb8                        . = ALIGN (0x4)
                0x08000bb8                        PROVIDE (__preinit_array_start = .)
 *(.preinit_array*)
                0x08000bb8                        PROVIDE (__preinit_array_end = .)
                0x08000bb8                        . = ALIGN (0x4)

.init_array     0x08000bb8        0x4
                0x08000bb8                        . = ALIGN (0x4)
                0x08000bb8                        PROVIDE (__init_array_start = .)
 *(SORT_BY_NAME(.init_array.*))
 *(.init_array*)
 .init_array    0x08000bb8        0x4 /opt/st/stm32cubeide_1.15.1/plugins/com.st.stm32cube.ide.mcu.externaltools.gnu-tools-for-stm32.12.3.rel1.linux64_1.0.100.202403111256/tools/bin/../lib/gcc/arm-none-eabi/12.3.1/thumb/v7e-m+fp/hard/crtbegin.o
                0x08000bbc                        PROVIDE (__init_array_end = .)
                0x08000bbc                        . = ALIGN (0x4)

.fini_array     0x08000bbc        0x4
                0x08000bbc                        . = ALIGN (0x4)
                [!provide]                        PROVIDE (__fini_array_start = .)
 *(SORT_BY_NAME(.fini_array.*))
 *(.fini_array*)
 .fini_array    0x08000bbc        0x4 /opt/st/stm32cubeide_1.15.1/plugins/com.st.stm32cube.ide.mcu.externaltools.gnu-tools-for-stm32.12.3.rel1.linux64_1.0.100.202403111256/tools/bin/../lib/gcc/arm-none-eabi/12.3.1/thumb/v7e-m+fp/hard/crtbegin.o
                [!provide]                        PROVIDE (__fini_array_end = .)
                0x08000bc0                        . = ALIGN (0x4)
                0x08000bc0                        _sidata = LOADADDR (.data)

.rel.dyn        0x08000bc0        0x0
 .rel.iplt      0x08000bc0        0x0 /opt/st/stm32cubeide_1.15.1/plugins/com.st.stm32cube.ide.mcu.externaltools.gnu-tools-for-stm32.12.3.rel1.linux64_1.0.100.202403111256/tools/bin/../lib/gcc/arm-none-eabi/12.3.1/thumb/v7e-m+fp/hard/crtbegin.o

.data           0x20000000        0x0 load address 0x08000bc0
                0x20000000                        . = ALIGN (0x4)
                0x20000000                        _sdata = .
 *(.data)
 *(.data*)
 *(.RamFunc)
 *(.RamFunc*)
                0x20000000                        . = ALIGN (0x4)
                0x20000000                        _edata = .

.igot.plt       0x20000000        0x0 load address 0x08000bc0
 .igot.plt      0x20000000        0x0 /opt/st/stm32cubeide_1.15.1/plugins/com.st.stm32cube.ide.mcu.externaltools.gnu-tools-for-stm32.12.3.rel1.linux64_1.0.100.202403111256/tools/bin/../lib/gcc/arm-none-eabi/12.3.1/thumb/v7e-m+fp/hard/crtbegin.o
                0x20000000                        . = ALIGN (0x4)

.bss            0x20000000       0x1c load address 0x08000bc0
                0x20000000                        _sbss = .
                0x20000000                        __bss_start__ = _sbss
 *(.bss)
 .bss           0x20000000       0x1c /opt/st/stm32cubeide_1.15.1/plugins/com.st.stm32cube.ide.mcu.externaltools.gnu-tools-for-stm32.12.3.rel1.linux64_1.0.100.202403111256/tools/bin/../lib/gcc/arm-none-eabi/12.3.1/thumb/v7e-m+fp/hard/crtbegin.o
 *(.bss*)
 *(COMMON)
                0x2000001c                        . = ALIGN (0x4)
                0x2000001c                        _ebss = .
                0x2000001c                        __bss_end__ = _ebss

._user_heap_stack
                0x2000001c      0x604 load address 0x08000bc0
                0x20000020                        . = ALIGN (0x8)
 *fill*         0x2000001c        0x4 
                [!provide]                        PROVIDE (end = .)
                0x20000020                        PROVIDE (_end = .)
                0x20000220                        . = (. + _Min_Heap_Size)
 *fill*         0x20000020      0x200 
                0x20000620                        . = (. + _Min_Stack_Size)
 *fill*         0x20000220      0x400 
                0x20000620                        . = ALIGN (0x8)

/DISCARD/
 libc.a(*)
 libm.a(*)
 libgcc.a(*)

.ARM.attributes
                0x00000000       0x30
 *(.ARM.attributes)
 .ARM.attributes
                0x00000000       0x22 /opt/st/stm32cubeide_1.15.1/plugins/com.st.stm32cube.ide.mcu.externaltools.gnu-tools-for-stm32.12.3.rel1.linux64_1.0.100.202403111256/tools/bin/../lib/gcc/arm-none-eabi/12.3.1/thumb/v7e-m+fp/hard/crti.o
 .ARM.attributes
                0x00000022       0x34 /opt/st/stm32cubeide_1.15.1/plugins/com.st.stm32cube.ide.mcu.externaltools.gnu-tools-for-stm32.12.3.rel1.linux64_1.0.100.202403111256/tools/bin/../lib/gcc/arm-none-eabi/12.3.1/thumb/v7e-m+fp/hard/crtbegin.o
 .ARM.attributes
                0x00000056       0x34 ./Src/008_spi_cmd_handling.o
 .ARM.attributes
                0x0000008a       0x21 ./Startup/startup_stm32f411ceux.o
 .ARM.attributes
                0x000000ab       0x34 ./drivers/src/stm32f411ceu6_gpio_driver.o
 .ARM.attributes
                0x000000df       0x34 ./drivers/src/stm32f411ceu6_spi_driver.o
 .ARM.attributes
                0x00000113       0x34 /opt/st/stm32cubeide_1.15.1/plugins/com.st.stm32cube.ide.mcu.externaltools.gnu-tools-for-stm32.12.3.rel1.linux64_1.0.100.202403111256/tools/bin/../lib/gcc/arm-none-eabi/12.3.1/../../../../arm-none-eabi/lib/thumb/v7e-m+fp/hard/libc_nano.a(libc_a-init.o)
 .ARM.attributes
                0x00000147       0x22 /opt/st/stm32cubeide_1.15.1/plugins/com.st.stm32cube.ide.mcu.externaltools.gnu-tools-for-stm32.12.3.rel1.linux64_1.0.100.202403111256/tools/bin/../lib/gcc/arm-none-eabi/12.3.1/thumb/v7e-m+fp/hard/crtn.o
OUTPUT(stm32f411ceu6_drivers.elf elf32-littlearm)
LOAD linker stubs
LOAD /opt/st/stm32cubeide_1.15.1/plugins/com.st.stm32cube.ide.mcu.externaltools.gnu-tools-for-stm32.12.3.rel1.linux64_1.0.100.202403111256/tools/bin/../lib/gcc/arm-none-eabi/12.3.1/../../../../arm-none-eabi/lib/thumb/v7e-m+fp/hard/libc.a
LOAD /opt/st/stm32cubeide_1.15.1/plugins/com.st.stm32cube.ide.mcu.externaltools.gnu-tools-for-stm32.12.3.rel1.linux64_1.0.100.202403111256/tools/bin/../lib/gcc/arm-none-eabi/12.3.1/../../../../arm-none-eabi/lib/thumb/v7e-m+fp/hard/libm.a
LOAD /opt/st/stm32cubeide_1.15.1/plugins/com.st.stm32cube.ide.mcu.externaltools.gnu-tools-for-stm32.12.3.rel1.linux64_1.0.100.202403111256/tools/bin/../lib/gcc/arm-none-eabi/12.3.1/thumb/v7e-m+fp/hard/libgcc.a

.debug_info     0x00000000     0x1175
 .debug_info    0x00000000      0x522 ./Src/008_spi_cmd_handling.o
 .debug_info    0x00000522       0x30 ./Startup/startup_stm32f411ceux.o
 .debug_info    0x00000552      0x6e2 ./drivers/src/stm32f411ceu6_gpio_driver.o
 .debug_info    0x00000c34      0x541 ./drivers/src/stm32f411ceu6_spi_driver.o

.debug_abbrev   0x00000000      0x407
 .debug_abbrev  0x00000000      0x174 ./Src/008_spi_cmd_handling.o
 .debug_abbrev  0x00000174       0x24 ./Startup/startup_stm32f411ceux.o
 .debug_abbrev  0x00000198      0x139 ./drivers/src/stm32f411ceu6_gpio_driver.o
 .debug_abbrev  0x000002d1      0x136 ./drivers/src/stm32f411ceu6_spi_driver.o

.debug_aranges  0x00000000      0x140
 .debug_aranges
                0x00000000       0x48 ./Src/008_spi_cmd_handling.o
 .debug_aranges
                0x00000048       0x28 ./Startup/startup_stm32f411ceux.o
 .debug_aranges
                0x00000070       0x70 ./drivers/src/stm32f411ceu6_gpio_driver.o
 .debug_aranges
                0x000000e0       0x60 ./drivers/src/stm32f411ceu6_spi_driver.o

.debug_rnglists
                0x00000000       0xe4
 .debug_rnglists
                0x00000000       0x32 ./Src/008_spi_cmd_handling.o
 .debug_rnglists
                0x00000032       0x19 ./Startup/startup_stm32f411ceux.o
 .debug_rnglists
                0x0000004b       0x53 ./drivers/src/stm32f411ceu6_gpio_driver.o
 .debug_rnglists
                0x0000009e       0x46 ./drivers/src/stm32f411ceu6_spi_driver.o

.debug_macro    0x00000000     0x20d2
 .debug_macro   0x00000000      0x1b1 ./Src/008_spi_cmd_handling.o
 .debug_macro   0x000001b1      0xaba ./Src/008_spi_cmd_handling.o
 .debug_macro   0x00000c6b       0x22 ./Src/008_spi_cmd_handling.o
 .debug_macro   0x00000c8d       0x8e ./Src/008_spi_cmd_handling.o
 .debug_macro   0x00000d1b       0x51 ./Src/008_spi_cmd_handling.o
 .debug_macro   0x00000d6c      0x103 ./Src/008_spi_cmd_handling.o
 .debug_macro   0x00000e6f       0x6a ./Src/008_spi_cmd_handling.o
 .debug_macro   0x00000ed9      0x1df ./Src/008_spi_cmd_handling.o
 .debug_macro   0x000010b8      0x385 ./Src/008_spi_cmd_handling.o
 .debug_macro   0x0000143d       0xc4 ./Src/008_spi_cmd_handling.o
 .debug_macro   0x00001501       0x9a ./Src/008_spi_cmd_handling.o
 .debug_macro   0x0000159b       0x61 ./Src/008_spi_cmd_handling.o
 .debug_macro   0x000015fc       0x2a ./Src/008_spi_cmd_handling.o
 .debug_macro   0x00001626       0x43 ./Src/008_spi_cmd_handling.o
 .debug_macro   0x00001669       0x34 ./Src/008_spi_cmd_handling.o
 .debug_macro   0x0000169d      0x189 ./Src/008_spi_cmd_handling.o
 .debug_macro   0x00001826       0x16 ./Src/008_spi_cmd_handling.o
 .debug_macro   0x0000183c       0x43 ./Src/008_spi_cmd_handling.o
 .debug_macro   0x0000187f       0x34 ./Src/008_spi_cmd_handling.o
 .debug_macro   0x000018b3       0x10 ./Src/008_spi_cmd_handling.o
 .debug_macro   0x000018c3       0x58 ./Src/008_spi_cmd_handling.o
 .debug_macro   0x0000191b       0x8e ./Src/008_spi_cmd_handling.o
 .debug_macro   0x000019a9       0x1c ./Src/008_spi_cmd_handling.o
 .debug_macro   0x000019c5      0x177 ./Src/008_spi_cmd_handling.o
 .debug_macro   0x00001b3c      0x369 ./Src/008_spi_cmd_handling.o
 .debug_macro   0x00001ea5       0x10 ./Src/008_spi_cmd_handling.o
 .debug_macro   0x00001eb5       0x35 ./Src/008_spi_cmd_handling.o
 .debug_macro   0x00001eea       0x20 ./Src/008_spi_cmd_handling.o
 .debug_macro   0x00001f0a       0x9a ./drivers/src/stm32f411ceu6_gpio_driver.o
 .debug_macro   0x00001fa4       0x94 ./drivers/src/stm32f411ceu6_gpio_driver.o
 .debug_macro   0x00002038       0x9a ./drivers/src/stm32f411ceu6_spi_driver.o

.debug_line     0x00000000     0x16e7
 .debug_line    0x00000000      0x69c ./Src/008_spi_cmd_handling.o
 .debug_line    0x0000069c       0x7b ./Startup/startup_stm32f411ceux.o
 .debug_line    0x00000717      0x933 ./drivers/src/stm32f411ceu6_gpio_driver.o
 .debug_line    0x0000104a      0x69d ./drivers/src/stm32f411ceu6_spi_driver.o

.debug_str      0x00000000     0x917d
 .debug_str     0x00000000     0x8e48 ./Src/008_spi_cmd_handling.o
                               0x9048 (size before relaxing)
 .debug_str     0x00008e48       0x3f ./Startup/startup_stm32f411ceux.o
                                 0xac (size before relaxing)
 .debug_str     0x00008e87      0x27c ./drivers/src/stm32f411ceu6_gpio_driver.o
                               0x5b6d (size before relaxing)
 .debug_str     0x00009103       0x7a ./drivers/src/stm32f411ceu6_spi_driver.o
                               0x5a7f (size before relaxing)

.comment        0x00000000       0x43
 .comment       0x00000000       0x43 ./Src/008_spi_cmd_handling.o
                                 0x44 (size before relaxing)
 .comment       0x00000043       0x44 ./drivers/src/stm32f411ceu6_gpio_driver.o
 .comment       0x00000043       0x44 ./drivers/src/stm32f411ceu6_spi_driver.o

.debug_frame    0x00000000      0x44c
 .debug_frame   0x00000000       0xec ./Src/008_spi_cmd_handling.o
 .debug_frame   0x000000ec      0x1c8 ./drivers/src/stm32f411ceu6_gpio_driver.o
 .debug_frame   0x000002b4      0x16c ./drivers/src/stm32f411ceu6_spi_driver.o
 .debug_frame   0x00000420       0x2c /opt/st/stm32cubeide_1.15.1/plugins/com.st.stm32cube.ide.mcu.externaltools.gnu-tools-for-stm32.12.3.rel1.linux64_1.0.100.202403111256/tools/bin/../lib/gcc/arm-none-eabi/12.3.1/../../../../arm-none-eabi/lib/thumb/v7e-m+fp/hard/libc_nano.a(libc_a-init.o)

.debug_line_str
                0x00000000       0x90
 .debug_line_str
                0x00000000       0x90 ./Startup/startup_stm32f411ceux.o
